[     950ms] [INFO] %cDownload the React DevTools for a better development experience: https://react.dev/link/react-devtools font-weight:bold @ https://localhost:3000/_next/static/chunks/node_modules_next_dist_f3530cac._.js:2297
[    1161ms] [LOG] [HMR] connected @ https://localhost:3000/_next/static/chunks/node_modules_next_dist_f3530cac._.js:2297
[    1305ms] [LOG] [Fast Refresh] rebuilding @ https://localhost:3000/_next/static/chunks/node_modules_next_dist_f3530cac._.js:2297
[    1534ms] [LOG] [Fast Refresh] done in 344ms @ https://localhost:3000/_next/static/chunks/node_modules_next_dist_f3530cac._.js:2297
[    1675ms] [LOG] [Fast Refresh] rebuilding @ https://localhost:3000/_next/static/chunks/node_modules_next_dist_f3530cac._.js:2297
[    1867ms] [LOG] [Fast Refresh] done in 331ms @ https://localhost:3000/_next/static/chunks/node_modules_next_dist_f3530cac._.js:2297
[   17769ms] [LOG] [Fast Refresh] rebuilding @ https://localhost:3000/_next/static/chunks/node_modules_next_dist_f3530cac._.js:2297
[   18578ms] [ERROR] Failed to load resource: net::ERR_CONNECTION_RESET @ https://localhost:3000/fixture-user-actions?_rsc=2b7r5:0
[   18580ms] [ERROR] Failed to fetch RSC payload for https://localhost:3000/fixture-user-actions. Falling back to browser navigation. TypeError: Failed to fetch
    at createFetch (https://localhost:3000/_next/static/chunks/node_modules_next_dist_client_17643121._.js:2588:24)
    at fetchServerResponse (https://localhost:3000/_next/static/chunks/node_modules_next_dist_client_17643121._.js:2490:27)
    at fetchMissingDynamicData (https://localhost:3000/_next/static/chunks/node_modules_next_dist_client_17643121._.js:3654:75)
    at spawnDynamicRequests (https://localhost:3000/_next/static/chunks/node_modules_next_dist_client_17643121._.js:3501:35)
    at navigateToSeededRoute (https://localhost:3000/_next/static/chunks/node_modules_next_dist_client_17643121._.js:7741:50)
    at refreshDynamicData (https://localhost:3000/_next/static/chunks/node_modules_next_dist_client_17643121._.js:8347:58)
    at hmrRefreshReducer (https://localhost:3000/_next/static/chunks/node_modules_next_dist_client_17643121._.js:8513:51)
    at clientReducer (https://localhost:3000/_next/static/chunks/node_modules_next_dist_client_17643121._.js:9081:65)
    at Object.action (https://localhost:3000/_next/static/chunks/node_modules_next_dist_client_17643121._.js:9310:55)
    at runAction (https://localhost:3000/_next/static/chunks/node_modules_next_dist_client_17643121._.js:9215:38)
    at dispatchAction (https://localhost:3000/_next/static/chunks/node_modules_next_dist_client_17643121._.js:9278:9)
    at Object.dispatch (https://localhost:3000/_next/static/chunks/node_modules_next_dist_client_17643121._.js:9308:40)
    at https://localhost:3000/_next/static/chunks/node_modules_next_dist_client_17643121._.js:1489:29
    at startTransition (https://localhost:3000/_next/static/chunks/node_modules_next_dist_compiled_react-dom_1e674e59._.js:5500:31)
    at dispatch (https://localhost:3000/_next/static/chunks/node_modules_next_dist_client_17643121._.js:1488:13)
    at dispatchAppRouterAction (https://localhost:3000/_next/static/chunks/node_modules_next_dist_client_17643121._.js:1470:5)
    at https://localhost:3000/_next/static/chunks/node_modules_next_dist_client_17643121._.js:9439:61
    at startTransition (https://localhost:3000/_next/static/chunks/node_modules_next_dist_compiled_a0e4c7b4._.js:1279:31)
    at Object.hmrRefresh (https://localhost:3000/_next/static/chunks/node_modules_next_dist_client_17643121._.js:9438:40)
    at https://localhost:3000/_next/static/chunks/node_modules_next_dist_client_17643121._.js:11613:64
    at startTransition (https://localhost:3000/_next/static/chunks/node_modules_next_dist_compiled_a0e4c7b4._.js:1279:31)
    at processMessage (https://localhost:3000/_next/static/chunks/node_modules_next_dist_client_17643121._.js:11612:44)
    at WebSocket.handleMessage (https://localhost:3000/_next/static/chunks/node_modules_next_dist_client_17643121._.js:10914:52) @ https://localhost:3000/_next/static/chunks/node_modules_next_dist_f3530cac._.js:3127
[   18607ms] [ERROR] Failed to load resource: net::ERR_CONNECTION_REFUSED @ https://localhost:3000/fixture-user-actions?_rsc=2b7r5:0
[   18607ms] [ERROR] Failed to fetch RSC payload for https://localhost:3000/fixture-user-actions. Falling back to browser navigation. TypeError: Failed to fetch
    at createFetch (https://localhost:3000/_next/static/chunks/node_modules_next_dist_client_17643121._.js:2588:24)
    at fetchServerResponse (https://localhost:3000/_next/static/chunks/node_modules_next_dist_client_17643121._.js:2490:27)
    at fetchMissingDynamicData (https://localhost:3000/_next/static/chunks/node_modules_next_dist_client_17643121._.js:3654:75)
    at spawnDynamicRequests (https://localhost:3000/_next/static/chunks/node_modules_next_dist_client_17643121._.js:3501:35)
    at navigateToSeededRoute (https://localhost:3000/_next/static/chunks/node_modules_next_dist_client_17643121._.js:7741:50)
    at refreshDynamicData (https://localhost:3000/_next/static/chunks/node_modules_next_dist_client_17643121._.js:8347:58)
    at hmrRefreshReducer (https://localhost:3000/_next/static/chunks/node_modules_next_dist_client_17643121._.js:8513:51)
    at clientReducer (https://localhost:3000/_next/static/chunks/node_modules_next_dist_client_17643121._.js:9081:65)
    at Object.action (https://localhost:3000/_next/static/chunks/node_modules_next_dist_client_17643121._.js:9310:55)
    at runAction (https://localhost:3000/_next/static/chunks/node_modules_next_dist_client_17643121._.js:9215:38)
    at dispatchAction (https://localhost:3000/_next/static/chunks/node_modules_next_dist_client_17643121._.js:9278:9)
    at Object.dispatch (https://localhost:3000/_next/static/chunks/node_modules_next_dist_client_17643121._.js:9308:40)
    at https://localhost:3000/_next/static/chunks/node_modules_next_dist_client_17643121._.js:1489:29
    at startTransition (https://localhost:3000/_next/static/chunks/node_modules_next_dist_compiled_react-dom_1e674e59._.js:5500:31)
    at dispatch (https://localhost:3000/_next/static/chunks/node_modules_next_dist_client_17643121._.js:1488:13)
    at dispatchAppRouterAction (https://localhost:3000/_next/static/chunks/node_modules_next_dist_client_17643121._.js:1470:5)
    at https://localhost:3000/_next/static/chunks/node_modules_next_dist_client_17643121._.js:9439:61
    at startTransition (https://localhost:3000/_next/static/chunks/node_modules_next_dist_compiled_a0e4c7b4._.js:1279:31)
    at Object.hmrRefresh (https://localhost:3000/_next/static/chunks/node_modules_next_dist_client_17643121._.js:9438:40)
    at processMessage (https://localhost:3000/_next/static/chunks/node_modules_next_dist_client_17643121._.js:11636:67)
    at WebSocket.handleMessage (https://localhost:3000/_next/static/chunks/node_modules_next_dist_client_17643121._.js:10914:52) @ https://localhost:3000/_next/static/chunks/node_modules_next_dist_f3530cac._.js:3127
[   18610ms] [ERROR] Failed to load resource: net::ERR_CONNECTION_REFUSED @ https://localhost:3000/fixture-user-actions?_rsc=2b7r5:0
[   18610ms] [ERROR] Failed to fetch RSC payload for https://localhost:3000/fixture-user-actions. Falling back to browser navigation. TypeError: Failed to fetch
    at createFetch (https://localhost:3000/_next/static/chunks/node_modules_next_dist_client_17643121._.js:2588:24)
    at fetchServerResponse (https://localhost:3000/_next/static/chunks/node_modules_next_dist_client_17643121._.js:2490:27)
    at fetchMissingDynamicData (https://localhost:3000/_next/static/chunks/node_modules_next_dist_client_17643121._.js:3654:75)
    at spawnDynamicRequests (https://localhost:3000/_next/static/chunks/node_modules_next_dist_client_17643121._.js:3501:35)
    at navigateToSeededRoute (https://localhost:3000/_next/static/chunks/node_modules_next_dist_client_17643121._.js:7741:50)
    at refreshDynamicData (https://localhost:3000/_next/static/chunks/node_modules_next_dist_client_17643121._.js:8347:58)
    at hmrRefreshReducer (https://localhost:3000/_next/static/chunks/node_modules_next_dist_client_17643121._.js:8513:51)
    at clientReducer (https://localhost:3000/_next/static/chunks/node_modules_next_dist_client_17643121._.js:9081:65)
    at Object.action (https://localhost:3000/_next/static/chunks/node_modules_next_dist_client_17643121._.js:9310:55)
    at runAction (https://localhost:3000/_next/static/chunks/node_modules_next_dist_client_17643121._.js:9215:38)
    at dispatchAction (https://localhost:3000/_next/static/chunks/node_modules_next_dist_client_17643121._.js:9278:9)
    at Object.dispatch (https://localhost:3000/_next/static/chunks/node_modules_next_dist_client_17643121._.js:9308:40)
    at https://localhost:3000/_next/static/chunks/node_modules_next_dist_client_17643121._.js:1489:29
    at startTransition (https://localhost:3000/_next/static/chunks/node_modules_next_dist_compiled_react-dom_1e674e59._.js:5500:31)
    at dispatch (https://localhost:3000/_next/static/chunks/node_modules_next_dist_client_17643121._.js:1488:13)
    at dispatchAppRouterAction (https://localhost:3000/_next/static/chunks/node_modules_next_dist_client_17643121._.js:1470:5)
    at https://localhost:3000/_next/static/chunks/node_modules_next_dist_client_17643121._.js:9439:61
    at startTransition (https://localhost:3000/_next/static/chunks/node_modules_next_dist_compiled_a0e4c7b4._.js:1279:31)
    at Object.hmrRefresh (https://localhost:3000/_next/static/chunks/node_modules_next_dist_client_17643121._.js:9438:40)
    at processMessage (https://localhost:3000/_next/static/chunks/node_modules_next_dist_client_17643121._.js:11636:67)
    at WebSocket.handleMessage (https://localhost:3000/_next/static/chunks/node_modules_next_dist_client_17643121._.js:10914:52) @ https://localhost:3000/_next/static/chunks/node_modules_next_dist_f3530cac._.js:3127
[   18612ms] [ERROR] Failed to load resource: net::ERR_CONNECTION_REFUSED @ https://localhost:3000/fixture-user-actions?_rsc=2b7r5:0
[   18612ms] [ERROR] Failed to fetch RSC payload for https://localhost:3000/fixture-user-actions. Falling back to browser navigation. TypeError: Failed to fetch
    at createFetch (https://localhost:3000/_next/static/chunks/node_modules_next_dist_client_17643121._.js:2588:24)
    at fetchServerResponse (https://localhost:3000/_next/static/chunks/node_modules_next_dist_client_17643121._.js:2490:27)
    at fetchMissingDynamicData (https://localhost:3000/_next/static/chunks/node_modules_next_dist_client_17643121._.js:3654:75)
    at spawnDynamicRequests (https://localhost:3000/_next/static/chunks/node_modules_next_dist_client_17643121._.js:3501:35)
    at navigateToSeededRoute (https://localhost:3000/_next/static/chunks/node_modules_next_dist_client_17643121._.js:7741:50)
    at refreshDynamicData (https://localhost:3000/_next/static/chunks/node_modules_next_dist_client_17643121._.js:8347:58)
    at hmrRefreshReducer (https://localhost:3000/_next/static/chunks/node_modules_next_dist_client_17643121._.js:8513:51)
    at clientReducer (https://localhost:3000/_next/static/chunks/node_modules_next_dist_client_17643121._.js:9081:65)
    at Object.action (https://localhost:3000/_next/static/chunks/node_modules_next_dist_client_17643121._.js:9310:55)
    at runAction (https://localhost:3000/_next/static/chunks/node_modules_next_dist_client_17643121._.js:9215:38)
    at dispatchAction (https://localhost:3000/_next/static/chunks/node_modules_next_dist_client_17643121._.js:9278:9)
    at Object.dispatch (https://localhost:3000/_next/static/chunks/node_modules_next_dist_client_17643121._.js:9308:40)
    at https://localhost:3000/_next/static/chunks/node_modules_next_dist_client_17643121._.js:1489:29
    at startTransition (https://localhost:3000/_next/static/chunks/node_modules_next_dist_compiled_react-dom_1e674e59._.js:5500:31)
    at dispatch (https://localhost:3000/_next/static/chunks/node_modules_next_dist_client_17643121._.js:1488:13)
    at dispatchAppRouterAction (https://localhost:3000/_next/static/chunks/node_modules_next_dist_client_17643121._.js:1470:5)
    at https://localhost:3000/_next/static/chunks/node_modules_next_dist_client_17643121._.js:9439:61
    at startTransition (https://localhost:3000/_next/static/chunks/node_modules_next_dist_compiled_a0e4c7b4._.js:1279:31)
    at Object.hmrRefresh (https://localhost:3000/_next/static/chunks/node_modules_next_dist_client_17643121._.js:9438:40)
    at processMessage (https://localhost:3000/_next/static/chunks/node_modules_next_dist_client_17643121._.js:11636:67)
    at WebSocket.handleMessage (https://localhost:3000/_next/static/chunks/node_modules_next_dist_client_17643121._.js:10914:52) @ https://localhost:3000/_next/static/chunks/node_modules_next_dist_f3530cac._.js:3127
[   18614ms] [ERROR] Failed to load resource: net::ERR_CONNECTION_REFUSED @ https://localhost:3000/fixture-user-actions?_rsc=2b7r5:0
[   18615ms] [ERROR] Failed to fetch RSC payload for https://localhost:3000/fixture-user-actions. Falling back to browser navigation. TypeError: Failed to fetch
    at createFetch (https://localhost:3000/_next/static/chunks/node_modules_next_dist_client_17643121._.js:2588:24)
    at fetchServerResponse (https://localhost:3000/_next/static/chunks/node_modules_next_dist_client_17643121._.js:2490:27)
    at fetchMissingDynamicData (https://localhost:3000/_next/static/chunks/node_modules_next_dist_client_17643121._.js:3654:75)
    at spawnDynamicRequests (https://localhost:3000/_next/static/chunks/node_modules_next_dist_client_17643121._.js:3501:35)
    at navigateToSeededRoute (https://localhost:3000/_next/static/chunks/node_modules_next_dist_client_17643121._.js:7741:50)
    at refreshDynamicData (https://localhost:3000/_next/static/chunks/node_modules_next_dist_client_17643121._.js:8347:58)
    at hmrRefreshReducer (https://localhost:3000/_next/static/chunks/node_modules_next_dist_client_17643121._.js:8513:51)
    at clientReducer (https://localhost:3000/_next/static/chunks/node_modules_next_dist_client_17643121._.js:9081:65)
    at Object.action (https://localhost:3000/_next/static/chunks/node_modules_next_dist_client_17643121._.js:9310:55)
    at runAction (https://localhost:3000/_next/static/chunks/node_modules_next_dist_client_17643121._.js:9215:38)
    at dispatchAction (https://localhost:3000/_next/static/chunks/node_modules_next_dist_client_17643121._.js:9278:9)
    at Object.dispatch (https://localhost:3000/_next/static/chunks/node_modules_next_dist_client_17643121._.js:9308:40)
    at https://localhost:3000/_next/static/chunks/node_modules_next_dist_client_17643121._.js:1489:29
    at startTransition (https://localhost:3000/_next/static/chunks/node_modules_next_dist_compiled_react-dom_1e674e59._.js:5500:31)
    at dispatch (https://localhost:3000/_next/static/chunks/node_modules_next_dist_client_17643121._.js:1488:13)
    at dispatchAppRouterAction (https://localhost:3000/_next/static/chunks/node_modules_next_dist_client_17643121._.js:1470:5)
    at https://localhost:3000/_next/static/chunks/node_modules_next_dist_client_17643121._.js:9439:61
    at startTransition (https://localhost:3000/_next/static/chunks/node_modules_next_dist_compiled_a0e4c7b4._.js:1279:31)
    at Object.hmrRefresh (https://localhost:3000/_next/static/chunks/node_modules_next_dist_client_17643121._.js:9438:40)
    at processMessage (https://localhost:3000/_next/static/chunks/node_modules_next_dist_client_17643121._.js:11636:67)
    at WebSocket.handleMessage (https://localhost:3000/_next/static/chunks/node_modules_next_dist_client_17643121._.js:10914:52) @ https://localhost:3000/_next/static/chunks/node_modules_next_dist_f3530cac._.js:3127
[   18617ms] [ERROR] Failed to load resource: net::ERR_CONNECTION_REFUSED @ https://localhost:3000/fixture-user-actions?_rsc=2b7r5:0
[   18617ms] [ERROR] Failed to fetch RSC payload for https://localhost:3000/fixture-user-actions. Falling back to browser navigation. TypeError: Failed to fetch
    at createFetch (https://localhost:3000/_next/static/chunks/node_modules_next_dist_client_17643121._.js:2588:24)
    at fetchServerResponse (https://localhost:3000/_next/static/chunks/node_modules_next_dist_client_17643121._.js:2490:27)
    at fetchMissingDynamicData (https://localhost:3000/_next/static/chunks/node_modules_next_dist_client_17643121._.js:3654:75)
    at spawnDynamicRequests (https://localhost:3000/_next/static/chunks/node_modules_next_dist_client_17643121._.js:3501:35)
    at navigateToSeededRoute (https://localhost:3000/_next/static/chunks/node_modules_next_dist_client_17643121._.js:7741:50)
    at refreshDynamicData (https://localhost:3000/_next/static/chunks/node_modules_next_dist_client_17643121._.js:8347:58)
    at hmrRefreshReducer (https://localhost:3000/_next/static/chunks/node_modules_next_dist_client_17643121._.js:8513:51)
    at clientReducer (https://localhost:3000/_next/static/chunks/node_modules_next_dist_client_17643121._.js:9081:65)
    at Object.action (https://localhost:3000/_next/static/chunks/node_modules_next_dist_client_17643121._.js:9310:55)
    at runAction (https://localhost:3000/_next/static/chunks/node_modules_next_dist_client_17643121._.js:9215:38)
    at dispatchAction (https://localhost:3000/_next/static/chunks/node_modules_next_dist_client_17643121._.js:9278:9)
    at Object.dispatch (https://localhost:3000/_next/static/chunks/node_modules_next_dist_client_17643121._.js:9308:40)
    at https://localhost:3000/_next/static/chunks/node_modules_next_dist_client_17643121._.js:1489:29
    at startTransition (https://localhost:3000/_next/static/chunks/node_modules_next_dist_compiled_react-dom_1e674e59._.js:5500:31)
    at dispatch (https://localhost:3000/_next/static/chunks/node_modules_next_dist_client_17643121._.js:1488:13)
    at dispatchAppRouterAction (https://localhost:3000/_next/static/chunks/node_modules_next_dist_client_17643121._.js:1470:5)
    at https://localhost:3000/_next/static/chunks/node_modules_next_dist_client_17643121._.js:9439:61
    at startTransition (https://localhost:3000/_next/static/chunks/node_modules_next_dist_compiled_a0e4c7b4._.js:1279:31)
    at Object.hmrRefresh (https://localhost:3000/_next/static/chunks/node_modules_next_dist_client_17643121._.js:9438:40)
    at processMessage (https://localhost:3000/_next/static/chunks/node_modules_next_dist_client_17643121._.js:11636:67)
    at WebSocket.handleMessage (https://localhost:3000/_next/static/chunks/node_modules_next_dist_client_17643121._.js:10914:52) @ https://localhost:3000/_next/static/chunks/node_modules_next_dist_f3530cac._.js:3127
[   18641ms] [ERROR] Failed to load resource: net::ERR_CONNECTION_REFUSED @ https://localhost:3000/fixture-user-actions?_rsc=2b7r5:0
[   18641ms] [ERROR] Failed to fetch RSC payload for https://localhost:3000/fixture-user-actions. Falling back to browser navigation. TypeError: Failed to fetch
    at createFetch (https://localhost:3000/_next/static/chunks/node_modules_next_dist_client_17643121._.js:2588:24)
    at fetchServerResponse (https://localhost:3000/_next/static/chunks/node_modules_next_dist_client_17643121._.js:2490:27)
    at fetchMissingDynamicData (https://localhost:3000/_next/static/chunks/node_modules_next_dist_client_17643121._.js:3654:75)
    at spawnDynamicRequests (https://localhost:3000/_next/static/chunks/node_modules_next_dist_client_17643121._.js:3501:35)
    at navigateToSeededRoute (https://localhost:3000/_next/static/chunks/node_modules_next_dist_client_17643121._.js:7741:50)
    at refreshDynamicData (https://localhost:3000/_next/static/chunks/node_modules_next_dist_client_17643121._.js:8347:58)
    at hmrRefreshReducer (https://localhost:3000/_next/static/chunks/node_modules_next_dist_client_17643121._.js:8513:51)
    at clientReducer (https://localhost:3000/_next/static/chunks/node_modules_next_dist_client_17643121._.js:9081:65)
    at Object.action (https://localhost:3000/_next/static/chunks/node_modules_next_dist_client_17643121._.js:9310:55)
    at runAction (https://localhost:3000/_next/static/chunks/node_modules_next_dist_client_17643121._.js:9215:38)
    at dispatchAction (https://localhost:3000/_next/static/chunks/node_modules_next_dist_client_17643121._.js:9278:9)
    at Object.dispatch (https://localhost:3000/_next/static/chunks/node_modules_next_dist_client_17643121._.js:9308:40)
    at https://localhost:3000/_next/static/chunks/node_modules_next_dist_client_17643121._.js:1489:29
    at startTransition (https://localhost:3000/_next/static/chunks/node_modules_next_dist_compiled_react-dom_1e674e59._.js:5500:31)
    at dispatch (https://localhost:3000/_next/static/chunks/node_modules_next_dist_client_17643121._.js:1488:13)
    at dispatchAppRouterAction (https://localhost:3000/_next/static/chunks/node_modules_next_dist_client_17643121._.js:1470:5)
    at https://localhost:3000/_next/static/chunks/node_modules_next_dist_client_17643121._.js:9439:61
    at startTransition (https://localhost:3000/_next/static/chunks/node_modules_next_dist_compiled_a0e4c7b4._.js:1279:31)
    at Object.hmrRefresh (https://localhost:3000/_next/static/chunks/node_modules_next_dist_client_17643121._.js:9438:40)
    at processMessage (https://localhost:3000/_next/static/chunks/node_modules_next_dist_client_17643121._.js:11636:67)
    at WebSocket.handleMessage (https://localhost:3000/_next/static/chunks/node_modules_next_dist_client_17643121._.js:10914:52) @ https://localhost:3000/_next/static/chunks/node_modules_next_dist_f3530cac._.js:3127
[   18658ms] [ERROR] Failed to load resource: net::ERR_CONNECTION_REFUSED @ https://localhost:3000/fixture-user-actions?_rsc=2b7r5:0
[   18659ms] [ERROR] Failed to fetch RSC payload for https://localhost:3000/fixture-user-actions. Falling back to browser navigation. TypeError: Failed to fetch
    at createFetch (https://localhost:3000/_next/static/chunks/node_modules_next_dist_client_17643121._.js:2588:24)
    at fetchServerResponse (https://localhost:3000/_next/static/chunks/node_modules_next_dist_client_17643121._.js:2490:27)
    at fetchMissingDynamicData (https://localhost:3000/_next/static/chunks/node_modules_next_dist_client_17643121._.js:3654:75)
    at spawnDynamicRequests (https://localhost:3000/_next/static/chunks/node_modules_next_dist_client_17643121._.js:3501:35)
    at navigateToSeededRoute (https://localhost:3000/_next/static/chunks/node_modules_next_dist_client_17643121._.js:7741:50)
    at refreshDynamicData (https://localhost:3000/_next/static/chunks/node_modules_next_dist_client_17643121._.js:8347:58)
    at hmrRefreshReducer (https://localhost:3000/_next/static/chunks/node_modules_next_dist_client_17643121._.js:8513:51)
    at clientReducer (https://localhost:3000/_next/static/chunks/node_modules_next_dist_client_17643121._.js:9081:65)
    at Object.action (https://localhost:3000/_next/static/chunks/node_modules_next_dist_client_17643121._.js:9310:55)
    at runAction (https://localhost:3000/_next/static/chunks/node_modules_next_dist_client_17643121._.js:9215:38)
    at dispatchAction (https://localhost:3000/_next/static/chunks/node_modules_next_dist_client_17643121._.js:9278:9)
    at Object.dispatch (https://localhost:3000/_next/static/chunks/node_modules_next_dist_client_17643121._.js:9308:40)
    at https://localhost:3000/_next/static/chunks/node_modules_next_dist_client_17643121._.js:1489:29
    at startTransition (https://localhost:3000/_next/static/chunks/node_modules_next_dist_compiled_react-dom_1e674e59._.js:5500:31)
    at dispatch (https://localhost:3000/_next/static/chunks/node_modules_next_dist_client_17643121._.js:1488:13)
    at dispatchAppRouterAction (https://localhost:3000/_next/static/chunks/node_modules_next_dist_client_17643121._.js:1470:5)
    at https://localhost:3000/_next/static/chunks/node_modules_next_dist_client_17643121._.js:9439:61
    at startTransition (https://localhost:3000/_next/static/chunks/node_modules_next_dist_compiled_a0e4c7b4._.js:1279:31)
    at Object.hmrRefresh (https://localhost:3000/_next/static/chunks/node_modules_next_dist_client_17643121._.js:9438:40)
    at processMessage (https://localhost:3000/_next/static/chunks/node_modules_next_dist_client_17643121._.js:11636:67)
    at WebSocket.handleMessage (https://localhost:3000/_next/static/chunks/node_modules_next_dist_client_17643121._.js:10914:52) @ https://localhost:3000/_next/static/chunks/node_modules_next_dist_f3530cac._.js:3127
[   18675ms] [ERROR] Failed to load resource: net::ERR_CONNECTION_REFUSED @ https://localhost:3000/fixture-user-actions?_rsc=2b7r5:0
[   18675ms] [ERROR] Failed to fetch RSC payload for https://localhost:3000/fixture-user-actions. Falling back to browser navigation. TypeError: Failed to fetch
    at createFetch (https://localhost:3000/_next/static/chunks/node_modules_next_dist_client_17643121._.js:2588:24)
    at fetchServerResponse (https://localhost:3000/_next/static/chunks/node_modules_next_dist_client_17643121._.js:2490:27)
    at fetchMissingDynamicData (https://localhost:3000/_next/static/chunks/node_modules_next_dist_client_17643121._.js:3654:75)
    at spawnDynamicRequests (https://localhost:3000/_next/static/chunks/node_modules_next_dist_client_17643121._.js:3501:35)
    at navigateToSeededRoute (https://localhost:3000/_next/static/chunks/node_modules_next_dist_client_17643121._.js:7741:50)
    at refreshDynamicData (https://localhost:3000/_next/static/chunks/node_modules_next_dist_client_17643121._.js:8347:58)
    at hmrRefreshReducer (https://localhost:3000/_next/static/chunks/node_modules_next_dist_client_17643121._.js:8513:51)
    at clientReducer (https://localhost:3000/_next/static/chunks/node_modules_next_dist_client_17643121._.js:9081:65)
    at Object.action (https://localhost:3000/_next/static/chunks/node_modules_next_dist_client_17643121._.js:9310:55)
    at runAction (https://localhost:3000/_next/static/chunks/node_modules_next_dist_client_17643121._.js:9215:38)
    at dispatchAction (https://localhost:3000/_next/static/chunks/node_modules_next_dist_client_17643121._.js:9278:9)
    at Object.dispatch (https://localhost:3000/_next/static/chunks/node_modules_next_dist_client_17643121._.js:9308:40)
    at https://localhost:3000/_next/static/chunks/node_modules_next_dist_client_17643121._.js:1489:29
    at startTransition (https://localhost:3000/_next/static/chunks/node_modules_next_dist_compiled_react-dom_1e674e59._.js:5500:31)
    at dispatch (https://localhost:3000/_next/static/chunks/node_modules_next_dist_client_17643121._.js:1488:13)
    at dispatchAppRouterAction (https://localhost:3000/_next/static/chunks/node_modules_next_dist_client_17643121._.js:1470:5)
    at https://localhost:3000/_next/static/chunks/node_modules_next_dist_client_17643121._.js:9439:61
    at startTransition (https://localhost:3000/_next/static/chunks/node_modules_next_dist_compiled_a0e4c7b4._.js:1279:31)
    at Object.hmrRefresh (https://localhost:3000/_next/static/chunks/node_modules_next_dist_client_17643121._.js:9438:40)
    at processMessage (https://localhost:3000/_next/static/chunks/node_modules_next_dist_client_17643121._.js:11636:67)
    at WebSocket.handleMessage (https://localhost:3000/_next/static/chunks/node_modules_next_dist_client_17643121._.js:10914:52) @ https://localhost:3000/_next/static/chunks/node_modules_next_dist_f3530cac._.js:3127
[   18677ms] [ERROR] Failed to load resource: net::ERR_CONNECTION_REFUSED @ https://localhost:3000/__nextjs_original-stack-frames:0
[   18680ms] [ERROR] Failed to load resource: net::ERR_CONNECTION_REFUSED @ https://localhost:3000/fixture-user-actions?_rsc=2b7r5:0
[   18681ms] [ERROR] Failed to fetch RSC payload for https://localhost:3000/fixture-user-actions. Falling back to browser navigation. TypeError: Failed to fetch
    at createFetch (https://localhost:3000/_next/static/chunks/node_modules_next_dist_client_17643121._.js:2588:24)
    at fetchServerResponse (https://localhost:3000/_next/static/chunks/node_modules_next_dist_client_17643121._.js:2490:27)
    at fetchMissingDynamicData (https://localhost:3000/_next/static/chunks/node_modules_next_dist_client_17643121._.js:3654:75)
    at spawnDynamicRequests (https://localhost:3000/_next/static/chunks/node_modules_next_dist_client_17643121._.js:3501:35)
    at navigateToSeededRoute (https://localhost:3000/_next/static/chunks/node_modules_next_dist_client_17643121._.js:7741:50)
    at refreshDynamicData (https://localhost:3000/_next/static/chunks/node_modules_next_dist_client_17643121._.js:8347:58)
    at hmrRefreshReducer (https://localhost:3000/_next/static/chunks/node_modules_next_dist_client_17643121._.js:8513:51)
    at clientReducer (https://localhost:3000/_next/static/chunks/node_modules_next_dist_client_17643121._.js:9081:65)
    at Object.action (https://localhost:3000/_next/static/chunks/node_modules_next_dist_client_17643121._.js:9310:55)
    at runAction (https://localhost:3000/_next/static/chunks/node_modules_next_dist_client_17643121._.js:9215:38)
    at dispatchAction (https://localhost:3000/_next/static/chunks/node_modules_next_dist_client_17643121._.js:9278:9)
    at Object.dispatch (https://localhost:3000/_next/static/chunks/node_modules_next_dist_client_17643121._.js:9308:40)
    at https://localhost:3000/_next/static/chunks/node_modules_next_dist_client_17643121._.js:1489:29
    at startTransition (https://localhost:3000/_next/static/chunks/node_modules_next_dist_compiled_react-dom_1e674e59._.js:5500:31)
    at dispatch (https://localhost:3000/_next/static/chunks/node_modules_next_dist_client_17643121._.js:1488:13)
    at dispatchAppRouterAction (https://localhost:3000/_next/static/chunks/node_modules_next_dist_client_17643121._.js:1470:5)
    at https://localhost:3000/_next/static/chunks/node_modules_next_dist_client_17643121._.js:9439:61
    at startTransition (https://localhost:3000/_next/static/chunks/node_modules_next_dist_compiled_a0e4c7b4._.js:1279:31)
    at Object.hmrRefresh (https://localhost:3000/_next/static/chunks/node_modules_next_dist_client_17643121._.js:9438:40)
    at processMessage (https://localhost:3000/_next/static/chunks/node_modules_next_dist_client_17643121._.js:11636:67)
    at WebSocket.handleMessage (https://localhost:3000/_next/static/chunks/node_modules_next_dist_client_17643121._.js:10914:52) @ https://localhost:3000/_next/static/chunks/node_modules_next_dist_f3530cac._.js:3127
[   18683ms] [ERROR] Failed to load resource: net::ERR_CONNECTION_REFUSED @ https://localhost:3000/fixture-user-actions?_rsc=2b7r5:0
[   18683ms] [ERROR] Failed to fetch RSC payload for https://localhost:3000/fixture-user-actions. Falling back to browser navigation. TypeError: Failed to fetch
    at createFetch (https://localhost:3000/_next/static/chunks/node_modules_next_dist_client_17643121._.js:2588:24)
    at fetchServerResponse (https://localhost:3000/_next/static/chunks/node_modules_next_dist_client_17643121._.js:2490:27)
    at fetchMissingDynamicData (https://localhost:3000/_next/static/chunks/node_modules_next_dist_client_17643121._.js:3654:75)
    at spawnDynamicRequests (https://localhost:3000/_next/static/chunks/node_modules_next_dist_client_17643121._.js:3501:35)
    at navigateToSeededRoute (https://localhost:3000/_next/static/chunks/node_modules_next_dist_client_17643121._.js:7741:50)
    at refreshDynamicData (https://localhost:3000/_next/static/chunks/node_modules_next_dist_client_17643121._.js:8347:58)
    at hmrRefreshReducer (https://localhost:3000/_next/static/chunks/node_modules_next_dist_client_17643121._.js:8513:51)
    at clientReducer (https://localhost:3000/_next/static/chunks/node_modules_next_dist_client_17643121._.js:9081:65)
    at Object.action (https://localhost:3000/_next/static/chunks/node_modules_next_dist_client_17643121._.js:9310:55)
    at runAction (https://localhost:3000/_next/static/chunks/node_modules_next_dist_client_17643121._.js:9215:38)
    at dispatchAction (https://localhost:3000/_next/static/chunks/node_modules_next_dist_client_17643121._.js:9278:9)
    at Object.dispatch (https://localhost:3000/_next/static/chunks/node_modules_next_dist_client_17643121._.js:9308:40)
    at https://localhost:3000/_next/static/chunks/node_modules_next_dist_client_17643121._.js:1489:29
    at startTransition (https://localhost:3000/_next/static/chunks/node_modules_next_dist_compiled_react-dom_1e674e59._.js:5500:31)
    at dispatch (https://localhost:3000/_next/static/chunks/node_modules_next_dist_client_17643121._.js:1488:13)
    at dispatchAppRouterAction (https://localhost:3000/_next/static/chunks/node_modules_next_dist_client_17643121._.js:1470:5)
    at https://localhost:3000/_next/static/chunks/node_modules_next_dist_client_17643121._.js:9439:61
    at startTransition (https://localhost:3000/_next/static/chunks/node_modules_next_dist_compiled_a0e4c7b4._.js:1279:31)
    at Object.hmrRefresh (https://localhost:3000/_next/static/chunks/node_modules_next_dist_client_17643121._.js:9438:40)
    at processMessage (https://localhost:3000/_next/static/chunks/node_modules_next_dist_client_17643121._.js:11636:67)
    at WebSocket.handleMessage (https://localhost:3000/_next/static/chunks/node_modules_next_dist_client_17643121._.js:10914:52) @ https://localhost:3000/_next/static/chunks/node_modules_next_dist_f3530cac._.js:3127
[   18685ms] [ERROR] Failed to load resource: net::ERR_CONNECTION_REFUSED @ https://localhost:3000/fixture-user-actions?_rsc=2b7r5:0
[   18685ms] [ERROR] Failed to fetch RSC payload for https://localhost:3000/fixture-user-actions. Falling back to browser navigation. TypeError: Failed to fetch
    at createFetch (https://localhost:3000/_next/static/chunks/node_modules_next_dist_client_17643121._.js:2588:24)
    at fetchServerResponse (https://localhost:3000/_next/static/chunks/node_modules_next_dist_client_17643121._.js:2490:27)
    at fetchMissingDynamicData (https://localhost:3000/_next/static/chunks/node_modules_next_dist_client_17643121._.js:3654:75)
    at spawnDynamicRequests (https://localhost:3000/_next/static/chunks/node_modules_next_dist_client_17643121._.js:3501:35)
    at navigateToSeededRoute (https://localhost:3000/_next/static/chunks/node_modules_next_dist_client_17643121._.js:7741:50)
    at refreshDynamicData (https://localhost:3000/_next/static/chunks/node_modules_next_dist_client_17643121._.js:8347:58)
    at hmrRefreshReducer (https://localhost:3000/_next/static/chunks/node_modules_next_dist_client_17643121._.js:8513:51)
    at clientReducer (https://localhost:3000/_next/static/chunks/node_modules_next_dist_client_17643121._.js:9081:65)
    at Object.action (https://localhost:3000/_next/static/chunks/node_modules_next_dist_client_17643121._.js:9310:55)
    at runAction (https://localhost:3000/_next/static/chunks/node_modules_next_dist_client_17643121._.js:9215:38)
    at dispatchAction (https://localhost:3000/_next/static/chunks/node_modules_next_dist_client_17643121._.js:9278:9)
    at Object.dispatch (https://localhost:3000/_next/static/chunks/node_modules_next_dist_client_17643121._.js:9308:40)
    at https://localhost:3000/_next/static/chunks/node_modules_next_dist_client_17643121._.js:1489:29
    at startTransition (https://localhost:3000/_next/static/chunks/node_modules_next_dist_compiled_react-dom_1e674e59._.js:5500:31)
    at dispatch (https://localhost:3000/_next/static/chunks/node_modules_next_dist_client_17643121._.js:1488:13)
    at dispatchAppRouterAction (https://localhost:3000/_next/static/chunks/node_modules_next_dist_client_17643121._.js:1470:5)
    at https://localhost:3000/_next/static/chunks/node_modules_next_dist_client_17643121._.js:9439:61
    at startTransition (https://localhost:3000/_next/static/chunks/node_modules_next_dist_compiled_a0e4c7b4._.js:1279:31)
    at Object.hmrRefresh (https://localhost:3000/_next/static/chunks/node_modules_next_dist_client_17643121._.js:9438:40)
    at processMessage (https://localhost:3000/_next/static/chunks/node_modules_next_dist_client_17643121._.js:11636:67)
    at WebSocket.handleMessage (https://localhost:3000/_next/static/chunks/node_modules_next_dist_client_17643121._.js:10914:52) @ https://localhost:3000/_next/static/chunks/node_modules_next_dist_f3530cac._.js:3127
[   18688ms] [ERROR] Failed to load resource: net::ERR_CONNECTION_REFUSED @ https://localhost:3000/fixture-user-actions?_rsc=2b7r5:0
[   18688ms] [ERROR] Failed to fetch RSC payload for https://localhost:3000/fixture-user-actions. Falling back to browser navigation. TypeError: Failed to fetch
    at createFetch (https://localhost:3000/_next/static/chunks/node_modules_next_dist_client_17643121._.js:2588:24)
    at fetchServerResponse (https://localhost:3000/_next/static/chunks/node_modules_next_dist_client_17643121._.js:2490:27)
    at fetchMissingDynamicData (https://localhost:3000/_next/static/chunks/node_modules_next_dist_client_17643121._.js:3654:75)
    at spawnDynamicRequests (https://localhost:3000/_next/static/chunks/node_modules_next_dist_client_17643121._.js:3501:35)
    at navigateToSeededRoute (https://localhost:3000/_next/static/chunks/node_modules_next_dist_client_17643121._.js:7741:50)
    at refreshDynamicData (https://localhost:3000/_next/static/chunks/node_modules_next_dist_client_17643121._.js:8347:58)
    at hmrRefreshReducer (https://localhost:3000/_next/static/chunks/node_modules_next_dist_client_17643121._.js:8513:51)
    at clientReducer (https://localhost:3000/_next/static/chunks/node_modules_next_dist_client_17643121._.js:9081:65)
    at Object.action (https://localhost:3000/_next/static/chunks/node_modules_next_dist_client_17643121._.js:9310:55)
    at runAction (https://localhost:3000/_next/static/chunks/node_modules_next_dist_client_17643121._.js:9215:38)
    at dispatchAction (https://localhost:3000/_next/static/chunks/node_modules_next_dist_client_17643121._.js:9278:9)
    at Object.dispatch (https://localhost:3000/_next/static/chunks/node_modules_next_dist_client_17643121._.js:9308:40)
    at https://localhost:3000/_next/static/chunks/node_modules_next_dist_client_17643121._.js:1489:29
    at startTransition (https://localhost:3000/_next/static/chunks/node_modules_next_dist_compiled_react-dom_1e674e59._.js:5500:31)
    at dispatch (https://localhost:3000/_next/static/chunks/node_modules_next_dist_client_17643121._.js:1488:13)
    at dispatchAppRouterAction (https://localhost:3000/_next/static/chunks/node_modules_next_dist_client_17643121._.js:1470:5)
    at https://localhost:3000/_next/static/chunks/node_modules_next_dist_client_17643121._.js:9439:61
    at startTransition (https://localhost:3000/_next/static/chunks/node_modules_next_dist_compiled_a0e4c7b4._.js:1279:31)
    at Object.hmrRefresh (https://localhost:3000/_next/static/chunks/node_modules_next_dist_client_17643121._.js:9438:40)
    at processMessage (https://localhost:3000/_next/static/chunks/node_modules_next_dist_client_17643121._.js:11636:67)
    at WebSocket.handleMessage (https://localhost:3000/_next/static/chunks/node_modules_next_dist_client_17643121._.js:10914:52) @ https://localhost:3000/_next/static/chunks/node_modules_next_dist_f3530cac._.js:3127
[   18690ms] [ERROR] Failed to load resource: net::ERR_CONNECTION_REFUSED @ https://localhost:3000/fixture-user-actions?_rsc=2b7r5:0
[   18690ms] [ERROR] Failed to fetch RSC payload for https://localhost:3000/fixture-user-actions. Falling back to browser navigation. TypeError: Failed to fetch
    at createFetch (https://localhost:3000/_next/static/chunks/node_modules_next_dist_client_17643121._.js:2588:24)
    at fetchServerResponse (https://localhost:3000/_next/static/chunks/node_modules_next_dist_client_17643121._.js:2490:27)
    at fetchMissingDynamicData (https://localhost:3000/_next/static/chunks/node_modules_next_dist_client_17643121._.js:3654:75)
    at spawnDynamicRequests (https://localhost:3000/_next/static/chunks/node_modules_next_dist_client_17643121._.js:3501:35)
    at navigateToSeededRoute (https://localhost:3000/_next/static/chunks/node_modules_next_dist_client_17643121._.js:7741:50)
    at refreshDynamicData (https://localhost:3000/_next/static/chunks/node_modules_next_dist_client_17643121._.js:8347:58)
    at hmrRefreshReducer (https://localhost:3000/_next/static/chunks/node_modules_next_dist_client_17643121._.js:8513:51)
    at clientReducer (https://localhost:3000/_next/static/chunks/node_modules_next_dist_client_17643121._.js:9081:65)
    at Object.action (https://localhost:3000/_next/static/chunks/node_modules_next_dist_client_17643121._.js:9310:55)
    at runAction (https://localhost:3000/_next/static/chunks/node_modules_next_dist_client_17643121._.js:9215:38)
    at dispatchAction (https://localhost:3000/_next/static/chunks/node_modules_next_dist_client_17643121._.js:9278:9)
    at Object.dispatch (https://localhost:3000/_next/static/chunks/node_modules_next_dist_client_17643121._.js:9308:40)
    at https://localhost:3000/_next/static/chunks/node_modules_next_dist_client_17643121._.js:1489:29
    at startTransition (https://localhost:3000/_next/static/chunks/node_modules_next_dist_compiled_react-dom_1e674e59._.js:5500:31)
    at dispatch (https://localhost:3000/_next/static/chunks/node_modules_next_dist_client_17643121._.js:1488:13)
    at dispatchAppRouterAction (https://localhost:3000/_next/static/chunks/node_modules_next_dist_client_17643121._.js:1470:5)
    at https://localhost:3000/_next/static/chunks/node_modules_next_dist_client_17643121._.js:9439:61
    at startTransition (https://localhost:3000/_next/static/chunks/node_modules_next_dist_compiled_a0e4c7b4._.js:1279:31)
    at Object.hmrRefresh (https://localhost:3000/_next/static/chunks/node_modules_next_dist_client_17643121._.js:9438:40)
    at processMessage (https://localhost:3000/_next/static/chunks/node_modules_next_dist_client_17643121._.js:11636:67)
    at WebSocket.handleMessage (https://localhost:3000/_next/static/chunks/node_modules_next_dist_client_17643121._.js:10914:52) @ https://localhost:3000/_next/static/chunks/node_modules_next_dist_f3530cac._.js:3127
[   18692ms] [ERROR] Failed to load resource: net::ERR_CONNECTION_REFUSED @ https://localhost:3000/fixture-user-actions?_rsc=2b7r5:0
[   18692ms] [ERROR] Failed to fetch RSC payload for https://localhost:3000/fixture-user-actions. Falling back to browser navigation. TypeError: Failed to fetch
    at createFetch (https://localhost:3000/_next/static/chunks/node_modules_next_dist_client_17643121._.js:2588:24)
    at fetchServerResponse (https://localhost:3000/_next/static/chunks/node_modules_next_dist_client_17643121._.js:2490:27)
    at fetchMissingDynamicData (https://localhost:3000/_next/static/chunks/node_modules_next_dist_client_17643121._.js:3654:75)
    at spawnDynamicRequests (https://localhost:3000/_next/static/chunks/node_modules_next_dist_client_17643121._.js:3501:35)
    at navigateToSeededRoute (https://localhost:3000/_next/static/chunks/node_modules_next_dist_client_17643121._.js:7741:50)
    at refreshDynamicData (https://localhost:3000/_next/static/chunks/node_modules_next_dist_client_17643121._.js:8347:58)
    at hmrRefreshReducer (https://localhost:3000/_next/static/chunks/node_modules_next_dist_client_17643121._.js:8513:51)
    at clientReducer (https://localhost:3000/_next/static/chunks/node_modules_next_dist_client_17643121._.js:9081:65)
    at Object.action (https://localhost:3000/_next/static/chunks/node_modules_next_dist_client_17643121._.js:9310:55)
    at runAction (https://localhost:3000/_next/static/chunks/node_modules_next_dist_client_17643121._.js:9215:38)
    at dispatchAction (https://localhost:3000/_next/static/chunks/node_modules_next_dist_client_17643121._.js:9278:9)
    at Object.dispatch (https://localhost:3000/_next/static/chunks/node_modules_next_dist_client_17643121._.js:9308:40)
    at https://localhost:3000/_next/static/chunks/node_modules_next_dist_client_17643121._.js:1489:29
    at startTransition (https://localhost:3000/_next/static/chunks/node_modules_next_dist_compiled_react-dom_1e674e59._.js:5500:31)
    at dispatch (https://localhost:3000/_next/static/chunks/node_modules_next_dist_client_17643121._.js:1488:13)
    at dispatchAppRouterAction (https://localhost:3000/_next/static/chunks/node_modules_next_dist_client_17643121._.js:1470:5)
    at https://localhost:3000/_next/static/chunks/node_modules_next_dist_client_17643121._.js:9439:61
    at startTransition (https://localhost:3000/_next/static/chunks/node_modules_next_dist_compiled_a0e4c7b4._.js:1279:31)
    at Object.hmrRefresh (https://localhost:3000/_next/static/chunks/node_modules_next_dist_client_17643121._.js:9438:40)
    at processMessage (https://localhost:3000/_next/static/chunks/node_modules_next_dist_client_17643121._.js:11636:67)
    at WebSocket.handleMessage (https://localhost:3000/_next/static/chunks/node_modules_next_dist_client_17643121._.js:10914:52) @ https://localhost:3000/_next/static/chunks/node_modules_next_dist_f3530cac._.js:3127
[   18703ms] [ERROR] Failed to load resource: net::ERR_CONNECTION_REFUSED @ https://localhost:3000/__nextjs_original-stack-frames:0
